#-----------------------------------------------------------
# Vivado v2023.2 (64-bit)
# SW Build 4029153 on Fri Oct 13 20:14:34 MDT 2023
# IP Build 4028589 on Sat Oct 14 00:45:43 MDT 2023
# SharedData Build 4025554 on Tue Oct 10 17:18:54 MDT 2023
# Start of session at: Fri Dec  6 15:52:00 2024
# Process ID: 9720
# Current directory: D:/rtl/RISC_V_2
# Command line: vivado.exe -gui_launcher_event rodinguilauncherevent2568 D:\rtl\RISC_V_2\RISC_V_2.xpr
# Log file: D:/rtl/RISC_V_2/vivado.log
# Journal file: D:/rtl/RISC_V_2\vivado.jou
# Running On: DESKTOP-19QRND0, OS: Windows, CPU Frequency: 1190 MHz, CPU Physical cores: 4, Host memory: 8361 MB
#-----------------------------------------------------------
start_gui
open_project D:/rtl/RISC_V_2/RISC_V_2.xpr
update_compile_order -fileset sources_1
1
launch_simulation
source Single_Cycle_Top_Tb.tcl
close_sim
launch_simulation
open_wave_config D:/rtl/RISC_V_2/Single_Cycle_Top_Tb_behav1.wcfg
open_wave_config D:/rtl/RISC_V_2/Single_Cycle_Top_Tb_behav2.wcfg
source Single_Cycle_Top_Tb.tcl
